Archive member included to satisfy reference by file (symbol)

c:/arduino-1.8.19/hardware/tools/avr/bin/../lib/gcc/avr/7.3.0/avr5\libgcc.a(_udivmodhi4.o)
                              C:\RTprog2023\obj\hal_robo.o (__udivmodhi4)
c:/arduino-1.8.19/hardware/tools/avr/bin/../lib/gcc/avr/7.3.0/avr5\libgcc.a(_divmodhi4.o)
                              C:\RTprog2023\obj\hal_robo.o (__divmodhi4)
c:/arduino-1.8.19/hardware/tools/avr/bin/../lib/gcc/avr/7.3.0/avr5\libgcc.a(_udivmodsi4.o)
                              C:\RTprog2023\obj\kernel.o (__udivmodsi4)
c:/arduino-1.8.19/hardware/tools/avr/bin/../lib/gcc/avr/7.3.0/avr5\libgcc.a(_exit.o)
                              c:/arduino-1.8.19/hardware/tools/avr/bin/../lib/gcc/avr/7.3.0/../../../../avr/lib/avr5/crtatmega328p.o (exit)
c:/arduino-1.8.19/hardware/tools/avr/bin/../lib/gcc/avr/7.3.0/avr5\libgcc.a(_copy_data.o)
                              robocarChatGPT.o (__do_copy_data)
c:/arduino-1.8.19/hardware/tools/avr/bin/../lib/gcc/avr/7.3.0/avr5\libgcc.a(_clear_bss.o)
                              robocarChatGPT.o (__do_clear_bss)
c:/arduino-1.8.19/hardware/tools/avr/bin/../lib/gcc/avr/7.3.0/avr5\libgcc.a(_umulhisi3.o)
                              C:\RTprog2023\obj\kernel.o (__umulhisi3)
c:/arduino-1.8.19/hardware/tools/avr/bin/../lib/gcc/avr/7.3.0/avr5\libgcc.a(_muluhisi3.o)
                              C:\RTprog2023\obj\kernel.o (__muluhisi3)
c:/arduino-1.8.19/hardware/tools/avr/bin/../lib/gcc/avr/7.3.0/../../../../avr/lib/avr5\libm.a(addsf3.o)
                              robocarChatGPT.o (__subsf3)
c:/arduino-1.8.19/hardware/tools/avr/bin/../lib/gcc/avr/7.3.0/../../../../avr/lib/avr5\libm.a(addsf3x.o)
                              c:/arduino-1.8.19/hardware/tools/avr/bin/../lib/gcc/avr/7.3.0/../../../../avr/lib/avr5\libm.a(addsf3.o) (__addsf3x)
c:/arduino-1.8.19/hardware/tools/avr/bin/../lib/gcc/avr/7.3.0/../../../../avr/lib/avr5\libm.a(fixsfsi.o)
                              robocarChatGPT.o (__fixsfsi)
c:/arduino-1.8.19/hardware/tools/avr/bin/../lib/gcc/avr/7.3.0/../../../../avr/lib/avr5\libm.a(fixunssfsi.o)
                              c:/arduino-1.8.19/hardware/tools/avr/bin/../lib/gcc/avr/7.3.0/../../../../avr/lib/avr5\libm.a(fixsfsi.o) (__fixunssfsi)
c:/arduino-1.8.19/hardware/tools/avr/bin/../lib/gcc/avr/7.3.0/../../../../avr/lib/avr5\libm.a(floatsisf.o)
                              robocarChatGPT.o (__floatsisf)
c:/arduino-1.8.19/hardware/tools/avr/bin/../lib/gcc/avr/7.3.0/../../../../avr/lib/avr5\libm.a(fp_inf.o)
                              c:/arduino-1.8.19/hardware/tools/avr/bin/../lib/gcc/avr/7.3.0/../../../../avr/lib/avr5\libm.a(addsf3x.o) (__fp_inf)
c:/arduino-1.8.19/hardware/tools/avr/bin/../lib/gcc/avr/7.3.0/../../../../avr/lib/avr5\libm.a(fp_nan.o)
                              c:/arduino-1.8.19/hardware/tools/avr/bin/../lib/gcc/avr/7.3.0/../../../../avr/lib/avr5\libm.a(addsf3x.o) (__fp_nan)
c:/arduino-1.8.19/hardware/tools/avr/bin/../lib/gcc/avr/7.3.0/../../../../avr/lib/avr5\libm.a(fp_pscA.o)
                              c:/arduino-1.8.19/hardware/tools/avr/bin/../lib/gcc/avr/7.3.0/../../../../avr/lib/avr5\libm.a(addsf3x.o) (__fp_pscA)
c:/arduino-1.8.19/hardware/tools/avr/bin/../lib/gcc/avr/7.3.0/../../../../avr/lib/avr5\libm.a(fp_pscB.o)
                              c:/arduino-1.8.19/hardware/tools/avr/bin/../lib/gcc/avr/7.3.0/../../../../avr/lib/avr5\libm.a(addsf3x.o) (__fp_pscB)
c:/arduino-1.8.19/hardware/tools/avr/bin/../lib/gcc/avr/7.3.0/../../../../avr/lib/avr5\libm.a(fp_round.o)
                              c:/arduino-1.8.19/hardware/tools/avr/bin/../lib/gcc/avr/7.3.0/../../../../avr/lib/avr5\libm.a(addsf3.o) (__fp_round)
c:/arduino-1.8.19/hardware/tools/avr/bin/../lib/gcc/avr/7.3.0/../../../../avr/lib/avr5\libm.a(fp_split3.o)
                              c:/arduino-1.8.19/hardware/tools/avr/bin/../lib/gcc/avr/7.3.0/../../../../avr/lib/avr5\libm.a(addsf3x.o) (__fp_split3)
c:/arduino-1.8.19/hardware/tools/avr/bin/../lib/gcc/avr/7.3.0/../../../../avr/lib/avr5\libm.a(fp_zero.o)
                              c:/arduino-1.8.19/hardware/tools/avr/bin/../lib/gcc/avr/7.3.0/../../../../avr/lib/avr5\libm.a(addsf3x.o) (__fp_zero)
c:/arduino-1.8.19/hardware/tools/avr/bin/../lib/gcc/avr/7.3.0/../../../../avr/lib/avr5\libm.a(mulsf3.o)
                              robocarChatGPT.o (__mulsf3)
c:/arduino-1.8.19/hardware/tools/avr/bin/../lib/gcc/avr/7.3.0/../../../../avr/lib/avr5\libm.a(mulsf3x.o)
                              c:/arduino-1.8.19/hardware/tools/avr/bin/../lib/gcc/avr/7.3.0/../../../../avr/lib/avr5\libm.a(mulsf3.o) (__mulsf3x)

Allocating common symbols
Common symbol       size              file

ChkCollideStk       0x80              robocarChatGPT.o
OSLockNesting       0x1               C:\RTprog2023\obj\kernel.o
OSRunning           0x1               C:\RTprog2023\obj\kernel.o
OSIdleCtr           0x4               C:\RTprog2023\obj\kernel.o
OSPrioHighRdy       0x1               C:\RTprog2023\obj\kernel.o
OSPrioCur           0x1               C:\RTprog2023\obj\kernel.o
OSTCBList           0x2               C:\RTprog2023\obj\kernel.o
OSCtxSwCtr          0x4               C:\RTprog2023\obj\kernel.o
myrobot             0x23              robocarChatGPT.o
rightWst            0x4               C:\RTprog2023\obj\hal_robo.o
OSTCBFreeList       0x2               C:\RTprog2023\obj\kernel.o
OSTaskCtr           0x1               C:\RTprog2023\obj\kernel.o
leftWst             0x4               C:\RTprog2023\obj\hal_robo.o
CtrlmotorStk        0x80              robocarChatGPT.o
OSTCBHighRdy        0x2               C:\RTprog2023\obj\kernel.o
OSRdyGrp            0x1               C:\RTprog2023\obj\kernel.o
OSRdyTbl            0x3               C:\RTprog2023\obj\kernel.o
OSIntExitY          0x1               C:\RTprog2023\obj\kernel.o
OSIntNesting        0x1               C:\RTprog2023\obj\kernel.o
TaskStartStk        0x80              robocarChatGPT.o
OSTCBCur            0x2               C:\RTprog2023\obj\kernel.o
OSTaskIdleStk       0x40              C:\RTprog2023\obj\kernel.o
OSTCBTbl            0xff              C:\RTprog2023\obj\kernel.o
OSTCBPrioTbl        0x22              C:\RTprog2023\obj\kernel.o
NavigStk            0x80              robocarChatGPT.o

Memory Configuration

Name             Origin             Length             Attributes
text             0x00000000         0x00002000         xr
data             0x00800060         0x0000ffa0         rw !x
eeprom           0x00810000         0x00010000         rw !x
fuse             0x00820000         0x00000400         rw !x
lock             0x00830000         0x00000400         rw !x
signature        0x00840000         0x00000400         rw !x
user_signatures  0x00850000         0x00000400         rw !x
*default*        0x00000000         0xffffffff

Linker script and memory map

Address of section .data set to 0x800100
LOAD c:/arduino-1.8.19/hardware/tools/avr/bin/../lib/gcc/avr/7.3.0/../../../../avr/lib/avr5/crtatmega328p.o
LOAD robocarChatGPT.o
LOAD C:\RTprog2023\obj\hal_robo.o
LOAD C:\RTprog2023\obj\kernel.o
START GROUP
LOAD c:/arduino-1.8.19/hardware/tools/avr/bin/../lib/gcc/avr/7.3.0/avr5\libgcc.a
LOAD c:/arduino-1.8.19/hardware/tools/avr/bin/../lib/gcc/avr/7.3.0/../../../../avr/lib/avr5\libm.a
LOAD c:/arduino-1.8.19/hardware/tools/avr/bin/../lib/gcc/avr/7.3.0/../../../../avr/lib/avr5\libc.a
LOAD c:/arduino-1.8.19/hardware/tools/avr/bin/../lib/gcc/avr/7.3.0/../../../../avr/lib/avr5\libatmega328p.a
END GROUP
                [0x00002000]                __TEXT_REGION_LENGTH__ = DEFINED (__TEXT_REGION_LENGTH__)?__TEXT_REGION_LENGTH__:0x20000
                [0x0000ffa0]                __DATA_REGION_LENGTH__ = DEFINED (__DATA_REGION_LENGTH__)?__DATA_REGION_LENGTH__:0xffa0
                [0x00010000]                __EEPROM_REGION_LENGTH__ = DEFINED (__EEPROM_REGION_LENGTH__)?__EEPROM_REGION_LENGTH__:0x10000
                [0x00000400]                __FUSE_REGION_LENGTH__ = DEFINED (__FUSE_REGION_LENGTH__)?__FUSE_REGION_LENGTH__:0x400
                [0x00000400]                __LOCK_REGION_LENGTH__ = DEFINED (__LOCK_REGION_LENGTH__)?__LOCK_REGION_LENGTH__:0x400
                [0x00000400]                __SIGNATURE_REGION_LENGTH__ = DEFINED (__SIGNATURE_REGION_LENGTH__)?__SIGNATURE_REGION_LENGTH__:0x400
                [0x00000400]                __USER_SIGNATURE_REGION_LENGTH__ = DEFINED (__USER_SIGNATURE_REGION_LENGTH__)?__USER_SIGNATURE_REGION_LENGTH__:0x400
                [0x00800060]                __DATA_REGION_ORIGIN__ = DEFINED (__DATA_REGION_ORIGIN__)?__DATA_REGION_ORIGIN__:0x800060

.hash
 *(.hash)

.dynsym
 *(.dynsym)

.dynstr
 *(.dynstr)

.gnu.version
 *(.gnu.version)

.gnu.version_d
 *(.gnu.version_d)

.gnu.version_r
 *(.gnu.version_r)

.rel.init
 *(.rel.init)

.rela.init
 *(.rela.init)

.rel.text
 *(.rel.text)
 *(.rel.text.*)
 *(.rel.gnu.linkonce.t*)

.rela.text
 *(.rela.text)
 *(.rela.text.*)
 *(.rela.gnu.linkonce.t*)

.rel.fini
 *(.rel.fini)

.rela.fini
 *(.rela.fini)

.rel.rodata
 *(.rel.rodata)
 *(.rel.rodata.*)
 *(.rel.gnu.linkonce.r*)

.rela.rodata
 *(.rela.rodata)
 *(.rela.rodata.*)
 *(.rela.gnu.linkonce.r*)

.rel.data
 *(.rel.data)
 *(.rel.data.*)
 *(.rel.gnu.linkonce.d*)

.rela.data
 *(.rela.data)
 *(.rela.data.*)
 *(.rela.gnu.linkonce.d*)

.rel.ctors
 *(.rel.ctors)

.rela.ctors
 *(.rela.ctors)

.rel.dtors
 *(.rel.dtors)

.rela.dtors
 *(.rela.dtors)

.rel.got
 *(.rel.got)

.rela.got
 *(.rela.got)

.rel.bss
 *(.rel.bss)

.rela.bss
 *(.rela.bss)

.rel.plt
 *(.rel.plt)

.rela.plt
 *(.rela.plt)

.text           0x00000000     0x1720
 *(.vectors)
 .vectors       0x00000000       0x68 c:/arduino-1.8.19/hardware/tools/avr/bin/../lib/gcc/avr/7.3.0/../../../../avr/lib/avr5/crtatmega328p.o
                0x00000000                __vector_default
                0x00000000                __vectors
 *(.vectors)
 *(.progmem.gcc*)
                0x00000068                . = ALIGN (0x2)
                0x00000068                __trampolines_start = .
 *(.trampolines)
 .trampolines   0x00000068        0x0 linker stubs
 *(.trampolines*)
                0x00000068                __trampolines_end = .
 *libprintf_flt.a:*(.progmem.data)
 *libc.a:*(.progmem.data)
 *(.progmem*)
                0x00000068                . = ALIGN (0x2)
 *(.jumptables)
 *(.jumptables*)
 *(.lowtext)
 *(.lowtext*)
                0x00000068                __ctors_start = .
 *(.ctors)
                0x00000068                __ctors_end = .
                0x00000068                __dtors_start = .
 *(.dtors)
                0x00000068                __dtors_end = .
 SORT(*)(.ctors)
 SORT(*)(.dtors)
 *(.init0)
 .init0         0x00000068        0x0 c:/arduino-1.8.19/hardware/tools/avr/bin/../lib/gcc/avr/7.3.0/../../../../avr/lib/avr5/crtatmega328p.o
                0x00000068                __init
 *(.init0)
 *(.init1)
 *(.init1)
 *(.init2)
 .init2         0x00000068        0xc c:/arduino-1.8.19/hardware/tools/avr/bin/../lib/gcc/avr/7.3.0/../../../../avr/lib/avr5/crtatmega328p.o
 *(.init2)
 *(.init3)
 *(.init3)
 *(.init4)
 .init4         0x00000074       0x16 c:/arduino-1.8.19/hardware/tools/avr/bin/../lib/gcc/avr/7.3.0/avr5\libgcc.a(_copy_data.o)
                0x00000074                __do_copy_data
 .init4         0x0000008a       0x10 c:/arduino-1.8.19/hardware/tools/avr/bin/../lib/gcc/avr/7.3.0/avr5\libgcc.a(_clear_bss.o)
                0x0000008a                __do_clear_bss
 *(.init4)
 *(.init5)
 *(.init5)
 *(.init6)
 *(.init6)
 *(.init7)
 *(.init7)
 *(.init8)
 *(.init8)
 *(.init9)
 .init9         0x0000009a        0x8 c:/arduino-1.8.19/hardware/tools/avr/bin/../lib/gcc/avr/7.3.0/../../../../avr/lib/avr5/crtatmega328p.o
 *(.init9)
 *(.text)
 .text          0x000000a2        0x4 c:/arduino-1.8.19/hardware/tools/avr/bin/../lib/gcc/avr/7.3.0/../../../../avr/lib/avr5/crtatmega328p.o
                0x000000a2                __vector_22
                0x000000a2                __vector_1
                0x000000a2                __vector_24
                0x000000a2                __vector_12
                0x000000a2                __bad_interrupt
                0x000000a2                __vector_6
                0x000000a2                __vector_3
                0x000000a2                __vector_23
                0x000000a2                __vector_25
                0x000000a2                __vector_11
                0x000000a2                __vector_13
                0x000000a2                __vector_17
                0x000000a2                __vector_19
                0x000000a2                __vector_7
                0x000000a2                __vector_5
                0x000000a2                __vector_4
                0x000000a2                __vector_9
                0x000000a2                __vector_2
                0x000000a2                __vector_21
                0x000000a2                __vector_15
                0x000000a2                __vector_8
                0x000000a2                __vector_14
                0x000000a2                __vector_10
                0x000000a2                __vector_18
                0x000000a2                __vector_20
 .text          0x000000a6      0x2de robocarChatGPT.o
                0x000000a6                CheckCollision
                0x000000ca                CntrlMotors
                0x000000ee                TaskStart
                0x00000138                constrain
                0x0000014c                absoluteValue
                0x00000158                pidControl
                0x00000332                Navig
 .text          0x00000384      0x4c2 C:\RTprog2023\obj\hal_robo.o
                0x00000384                ADC_init
                0x00000392                ADC_read
                0x000003c4                PWM8_write
                0x000003dc                motor_init
                0x00000422                motor_set_speed
                0x0000046a                motor_set_dir
                0x00000514                robo_motorSpeed
                0x00000570                USART0_init
                0x0000058a                cputchar
                0x00000598                cgetchar
                0x000005b2                cputs
                0x000005ca                robo_proxSensor
                0x000005e2                robo_lightSensor
                0x00000610                robo_lineSensor
                0x00000638                robo_bumpSensorR
                0x00000648                robo_bumpSensorL
                0x0000065a                robo_Honk
                0x00000684                robo_checkBattery
                0x00000698                robo_goPressed
                0x000006a6                robo_wait4goPress
                0x000006b0                OS_ticks_init
                0x000006c4                HAL_init
                0x000006ce                robo_Setup
                0x00000706                cprintf
 .text          0x00000846      0x9f2 C:\RTprog2023\obj\kernel.o
                0x00000846                OSStartHighRdy
                0x000008a6                OSCtxSw
                0x00000960                OSIntCtxSw
                0x000009c6                OSTickISR
                0x000009c6                __vector_16
                0x00000a84                OSTaskStkInit
                0x00000b18                OSTaskCreateHook
                0x00000b1a                OSTaskDelHook
                0x00000b1c                OSTaskSwHook
                0x00000b1e                OSTaskStatHook
                0x00000b20                OSTimeTickHook
                0x00000b22                OSInitHookBegin
                0x00000b24                OSInitHookEnd
                0x00000b26                OSTaskIdleHook
                0x00000b28                OSTCBInitHook
                0x00000b2a                OS_TaskIdle
                0x00000b5a                OSIntEnter
                0x00000b72                OSIntExit
                0x00000c16                OSSchedLock
                0x00000c32                OSStart
                0x00000c8c                OSTimeTick
                0x00000cf2                OSVersion
                0x00000cf8                OS_Dummy
                0x00000cfa                OS_Sched
                0x00000d82                OSSchedUnlock
                0x00000dfc                OS_TCBInit
                0x00000ec0                OSTaskCreate
                0x00000f6a                OSInit
                0x0000101e                OSTaskDel
                0x00001122                OSTaskDelReq
                0x00001158                OSTimeDly
                0x00001162                OSTimeDlyHMSM
 .text          0x00001238        0x0 c:/arduino-1.8.19/hardware/tools/avr/bin/../lib/gcc/avr/7.3.0/avr5\libgcc.a(_udivmodhi4.o)
 .text          0x00001238        0x0 c:/arduino-1.8.19/hardware/tools/avr/bin/../lib/gcc/avr/7.3.0/avr5\libgcc.a(_divmodhi4.o)
 .text          0x00001238        0x0 c:/arduino-1.8.19/hardware/tools/avr/bin/../lib/gcc/avr/7.3.0/avr5\libgcc.a(_udivmodsi4.o)
 .text          0x00001238        0x0 c:/arduino-1.8.19/hardware/tools/avr/bin/../lib/gcc/avr/7.3.0/avr5\libgcc.a(_exit.o)
 .text          0x00001238        0x0 c:/arduino-1.8.19/hardware/tools/avr/bin/../lib/gcc/avr/7.3.0/avr5\libgcc.a(_copy_data.o)
 .text          0x00001238        0x0 c:/arduino-1.8.19/hardware/tools/avr/bin/../lib/gcc/avr/7.3.0/avr5\libgcc.a(_clear_bss.o)
 .text          0x00001238        0x0 c:/arduino-1.8.19/hardware/tools/avr/bin/../lib/gcc/avr/7.3.0/avr5\libgcc.a(_umulhisi3.o)
 .text          0x00001238        0x0 c:/arduino-1.8.19/hardware/tools/avr/bin/../lib/gcc/avr/7.3.0/avr5\libgcc.a(_muluhisi3.o)
 .text          0x00001238        0x0 c:/arduino-1.8.19/hardware/tools/avr/bin/../lib/gcc/avr/7.3.0/../../../../avr/lib/avr5\libm.a(addsf3.o)
 .text          0x00001238        0x0 c:/arduino-1.8.19/hardware/tools/avr/bin/../lib/gcc/avr/7.3.0/../../../../avr/lib/avr5\libm.a(addsf3x.o)
 .text          0x00001238        0x0 c:/arduino-1.8.19/hardware/tools/avr/bin/../lib/gcc/avr/7.3.0/../../../../avr/lib/avr5\libm.a(fixsfsi.o)
 .text          0x00001238        0x0 c:/arduino-1.8.19/hardware/tools/avr/bin/../lib/gcc/avr/7.3.0/../../../../avr/lib/avr5\libm.a(fixunssfsi.o)
 .text          0x00001238        0x0 c:/arduino-1.8.19/hardware/tools/avr/bin/../lib/gcc/avr/7.3.0/../../../../avr/lib/avr5\libm.a(floatsisf.o)
 .text          0x00001238        0x0 c:/arduino-1.8.19/hardware/tools/avr/bin/../lib/gcc/avr/7.3.0/../../../../avr/lib/avr5\libm.a(fp_inf.o)
 .text          0x00001238        0x0 c:/arduino-1.8.19/hardware/tools/avr/bin/../lib/gcc/avr/7.3.0/../../../../avr/lib/avr5\libm.a(fp_nan.o)
 .text          0x00001238        0x0 c:/arduino-1.8.19/hardware/tools/avr/bin/../lib/gcc/avr/7.3.0/../../../../avr/lib/avr5\libm.a(fp_pscA.o)
 .text          0x00001238        0x0 c:/arduino-1.8.19/hardware/tools/avr/bin/../lib/gcc/avr/7.3.0/../../../../avr/lib/avr5\libm.a(fp_pscB.o)
 .text          0x00001238        0x0 c:/arduino-1.8.19/hardware/tools/avr/bin/../lib/gcc/avr/7.3.0/../../../../avr/lib/avr5\libm.a(fp_round.o)
 .text          0x00001238        0x0 c:/arduino-1.8.19/hardware/tools/avr/bin/../lib/gcc/avr/7.3.0/../../../../avr/lib/avr5\libm.a(fp_split3.o)
 .text          0x00001238        0x0 c:/arduino-1.8.19/hardware/tools/avr/bin/../lib/gcc/avr/7.3.0/../../../../avr/lib/avr5\libm.a(fp_zero.o)
 .text          0x00001238        0x0 c:/arduino-1.8.19/hardware/tools/avr/bin/../lib/gcc/avr/7.3.0/../../../../avr/lib/avr5\libm.a(mulsf3.o)
 .text          0x00001238        0x0 c:/arduino-1.8.19/hardware/tools/avr/bin/../lib/gcc/avr/7.3.0/../../../../avr/lib/avr5\libm.a(mulsf3x.o)
                0x00001238                . = ALIGN (0x2)
 *(.text.*)
 .text.startup  0x00001238       0xe0 robocarChatGPT.o
                0x00001238                main
 .text.libgcc.mul
                0x00001318        0x0 c:/arduino-1.8.19/hardware/tools/avr/bin/../lib/gcc/avr/7.3.0/avr5\libgcc.a(_udivmodhi4.o)
 .text.libgcc.div
                0x00001318       0x28 c:/arduino-1.8.19/hardware/tools/avr/bin/../lib/gcc/avr/7.3.0/avr5\libgcc.a(_udivmodhi4.o)
                0x00001318                __udivmodhi4
 .text.libgcc   0x00001340        0x0 c:/arduino-1.8.19/hardware/tools/avr/bin/../lib/gcc/avr/7.3.0/avr5\libgcc.a(_udivmodhi4.o)
 .text.libgcc.prologue
                0x00001340        0x0 c:/arduino-1.8.19/hardware/tools/avr/bin/../lib/gcc/avr/7.3.0/avr5\libgcc.a(_udivmodhi4.o)
 .text.libgcc.builtins
                0x00001340        0x0 c:/arduino-1.8.19/hardware/tools/avr/bin/../lib/gcc/avr/7.3.0/avr5\libgcc.a(_udivmodhi4.o)
 .text.libgcc.fmul
                0x00001340        0x0 c:/arduino-1.8.19/hardware/tools/avr/bin/../lib/gcc/avr/7.3.0/avr5\libgcc.a(_udivmodhi4.o)
 .text.libgcc.fixed
                0x00001340        0x0 c:/arduino-1.8.19/hardware/tools/avr/bin/../lib/gcc/avr/7.3.0/avr5\libgcc.a(_udivmodhi4.o)
 .text.libgcc.mul
                0x00001340        0x0 c:/arduino-1.8.19/hardware/tools/avr/bin/../lib/gcc/avr/7.3.0/avr5\libgcc.a(_divmodhi4.o)
 .text.libgcc.div
                0x00001340       0x28 c:/arduino-1.8.19/hardware/tools/avr/bin/../lib/gcc/avr/7.3.0/avr5\libgcc.a(_divmodhi4.o)
                0x00001340                _div
                0x00001340                __divmodhi4
 .text.libgcc   0x00001368        0x0 c:/arduino-1.8.19/hardware/tools/avr/bin/../lib/gcc/avr/7.3.0/avr5\libgcc.a(_divmodhi4.o)
 .text.libgcc.prologue
                0x00001368        0x0 c:/arduino-1.8.19/hardware/tools/avr/bin/../lib/gcc/avr/7.3.0/avr5\libgcc.a(_divmodhi4.o)
 .text.libgcc.builtins
                0x00001368        0x0 c:/arduino-1.8.19/hardware/tools/avr/bin/../lib/gcc/avr/7.3.0/avr5\libgcc.a(_divmodhi4.o)
 .text.libgcc.fmul
                0x00001368        0x0 c:/arduino-1.8.19/hardware/tools/avr/bin/../lib/gcc/avr/7.3.0/avr5\libgcc.a(_divmodhi4.o)
 .text.libgcc.fixed
                0x00001368        0x0 c:/arduino-1.8.19/hardware/tools/avr/bin/../lib/gcc/avr/7.3.0/avr5\libgcc.a(_divmodhi4.o)
 .text.libgcc.mul
                0x00001368        0x0 c:/arduino-1.8.19/hardware/tools/avr/bin/../lib/gcc/avr/7.3.0/avr5\libgcc.a(_udivmodsi4.o)
 .text.libgcc.div
                0x00001368       0x44 c:/arduino-1.8.19/hardware/tools/avr/bin/../lib/gcc/avr/7.3.0/avr5\libgcc.a(_udivmodsi4.o)
                0x00001368                __udivmodsi4
 .text.libgcc   0x000013ac        0x0 c:/arduino-1.8.19/hardware/tools/avr/bin/../lib/gcc/avr/7.3.0/avr5\libgcc.a(_udivmodsi4.o)
 .text.libgcc.prologue
                0x000013ac        0x0 c:/arduino-1.8.19/hardware/tools/avr/bin/../lib/gcc/avr/7.3.0/avr5\libgcc.a(_udivmodsi4.o)
 .text.libgcc.builtins
                0x000013ac        0x0 c:/arduino-1.8.19/hardware/tools/avr/bin/../lib/gcc/avr/7.3.0/avr5\libgcc.a(_udivmodsi4.o)
 .text.libgcc.fmul
                0x000013ac        0x0 c:/arduino-1.8.19/hardware/tools/avr/bin/../lib/gcc/avr/7.3.0/avr5\libgcc.a(_udivmodsi4.o)
 .text.libgcc.fixed
                0x000013ac        0x0 c:/arduino-1.8.19/hardware/tools/avr/bin/../lib/gcc/avr/7.3.0/avr5\libgcc.a(_udivmodsi4.o)
 .text.libgcc.mul
                0x000013ac        0x0 c:/arduino-1.8.19/hardware/tools/avr/bin/../lib/gcc/avr/7.3.0/avr5\libgcc.a(_exit.o)
 .text.libgcc.div
                0x000013ac        0x0 c:/arduino-1.8.19/hardware/tools/avr/bin/../lib/gcc/avr/7.3.0/avr5\libgcc.a(_exit.o)
 .text.libgcc   0x000013ac        0x0 c:/arduino-1.8.19/hardware/tools/avr/bin/../lib/gcc/avr/7.3.0/avr5\libgcc.a(_exit.o)
 .text.libgcc.prologue
                0x000013ac        0x0 c:/arduino-1.8.19/hardware/tools/avr/bin/../lib/gcc/avr/7.3.0/avr5\libgcc.a(_exit.o)
 .text.libgcc.builtins
                0x000013ac        0x0 c:/arduino-1.8.19/hardware/tools/avr/bin/../lib/gcc/avr/7.3.0/avr5\libgcc.a(_exit.o)
 .text.libgcc.fmul
                0x000013ac        0x0 c:/arduino-1.8.19/hardware/tools/avr/bin/../lib/gcc/avr/7.3.0/avr5\libgcc.a(_exit.o)
 .text.libgcc.fixed
                0x000013ac        0x0 c:/arduino-1.8.19/hardware/tools/avr/bin/../lib/gcc/avr/7.3.0/avr5\libgcc.a(_exit.o)
 .text.libgcc.mul
                0x000013ac        0x0 c:/arduino-1.8.19/hardware/tools/avr/bin/../lib/gcc/avr/7.3.0/avr5\libgcc.a(_copy_data.o)
 .text.libgcc.div
                0x000013ac        0x0 c:/arduino-1.8.19/hardware/tools/avr/bin/../lib/gcc/avr/7.3.0/avr5\libgcc.a(_copy_data.o)
 .text.libgcc   0x000013ac        0x0 c:/arduino-1.8.19/hardware/tools/avr/bin/../lib/gcc/avr/7.3.0/avr5\libgcc.a(_copy_data.o)
 .text.libgcc.prologue
                0x000013ac        0x0 c:/arduino-1.8.19/hardware/tools/avr/bin/../lib/gcc/avr/7.3.0/avr5\libgcc.a(_copy_data.o)
 .text.libgcc.builtins
                0x000013ac        0x0 c:/arduino-1.8.19/hardware/tools/avr/bin/../lib/gcc/avr/7.3.0/avr5\libgcc.a(_copy_data.o)
 .text.libgcc.fmul
                0x000013ac        0x0 c:/arduino-1.8.19/hardware/tools/avr/bin/../lib/gcc/avr/7.3.0/avr5\libgcc.a(_copy_data.o)
 .text.libgcc.fixed
                0x000013ac        0x0 c:/arduino-1.8.19/hardware/tools/avr/bin/../lib/gcc/avr/7.3.0/avr5\libgcc.a(_copy_data.o)
 .text.libgcc.mul
                0x000013ac        0x0 c:/arduino-1.8.19/hardware/tools/avr/bin/../lib/gcc/avr/7.3.0/avr5\libgcc.a(_clear_bss.o)
 .text.libgcc.div
                0x000013ac        0x0 c:/arduino-1.8.19/hardware/tools/avr/bin/../lib/gcc/avr/7.3.0/avr5\libgcc.a(_clear_bss.o)
 .text.libgcc   0x000013ac        0x0 c:/arduino-1.8.19/hardware/tools/avr/bin/../lib/gcc/avr/7.3.0/avr5\libgcc.a(_clear_bss.o)
 .text.libgcc.prologue
                0x000013ac        0x0 c:/arduino-1.8.19/hardware/tools/avr/bin/../lib/gcc/avr/7.3.0/avr5\libgcc.a(_clear_bss.o)
 .text.libgcc.builtins
                0x000013ac        0x0 c:/arduino-1.8.19/hardware/tools/avr/bin/../lib/gcc/avr/7.3.0/avr5\libgcc.a(_clear_bss.o)
 .text.libgcc.fmul
                0x000013ac        0x0 c:/arduino-1.8.19/hardware/tools/avr/bin/../lib/gcc/avr/7.3.0/avr5\libgcc.a(_clear_bss.o)
 .text.libgcc.fixed
                0x000013ac        0x0 c:/arduino-1.8.19/hardware/tools/avr/bin/../lib/gcc/avr/7.3.0/avr5\libgcc.a(_clear_bss.o)
 .text.libgcc.mul
                0x000013ac       0x1e c:/arduino-1.8.19/hardware/tools/avr/bin/../lib/gcc/avr/7.3.0/avr5\libgcc.a(_umulhisi3.o)
                0x000013ac                __umulhisi3
 .text.libgcc.div
                0x000013ca        0x0 c:/arduino-1.8.19/hardware/tools/avr/bin/../lib/gcc/avr/7.3.0/avr5\libgcc.a(_umulhisi3.o)
 .text.libgcc   0x000013ca        0x0 c:/arduino-1.8.19/hardware/tools/avr/bin/../lib/gcc/avr/7.3.0/avr5\libgcc.a(_umulhisi3.o)
 .text.libgcc.prologue
                0x000013ca        0x0 c:/arduino-1.8.19/hardware/tools/avr/bin/../lib/gcc/avr/7.3.0/avr5\libgcc.a(_umulhisi3.o)
 .text.libgcc.builtins
                0x000013ca        0x0 c:/arduino-1.8.19/hardware/tools/avr/bin/../lib/gcc/avr/7.3.0/avr5\libgcc.a(_umulhisi3.o)
 .text.libgcc.fmul
                0x000013ca        0x0 c:/arduino-1.8.19/hardware/tools/avr/bin/../lib/gcc/avr/7.3.0/avr5\libgcc.a(_umulhisi3.o)
 .text.libgcc.fixed
                0x000013ca        0x0 c:/arduino-1.8.19/hardware/tools/avr/bin/../lib/gcc/avr/7.3.0/avr5\libgcc.a(_umulhisi3.o)
 .text.libgcc.mul
                0x000013ca       0x16 c:/arduino-1.8.19/hardware/tools/avr/bin/../lib/gcc/avr/7.3.0/avr5\libgcc.a(_muluhisi3.o)
                0x000013ca                __muluhisi3
 .text.libgcc.div
                0x000013e0        0x0 c:/arduino-1.8.19/hardware/tools/avr/bin/../lib/gcc/avr/7.3.0/avr5\libgcc.a(_muluhisi3.o)
 .text.libgcc   0x000013e0        0x0 c:/arduino-1.8.19/hardware/tools/avr/bin/../lib/gcc/avr/7.3.0/avr5\libgcc.a(_muluhisi3.o)
 .text.libgcc.prologue
                0x000013e0        0x0 c:/arduino-1.8.19/hardware/tools/avr/bin/../lib/gcc/avr/7.3.0/avr5\libgcc.a(_muluhisi3.o)
 .text.libgcc.builtins
                0x000013e0        0x0 c:/arduino-1.8.19/hardware/tools/avr/bin/../lib/gcc/avr/7.3.0/avr5\libgcc.a(_muluhisi3.o)
 .text.libgcc.fmul
                0x000013e0        0x0 c:/arduino-1.8.19/hardware/tools/avr/bin/../lib/gcc/avr/7.3.0/avr5\libgcc.a(_muluhisi3.o)
 .text.libgcc.fixed
                0x000013e0        0x0 c:/arduino-1.8.19/hardware/tools/avr/bin/../lib/gcc/avr/7.3.0/avr5\libgcc.a(_muluhisi3.o)
 .text.avr-libc.fplib
                0x000013e0        0xe c:/arduino-1.8.19/hardware/tools/avr/bin/../lib/gcc/avr/7.3.0/../../../../avr/lib/avr5\libm.a(addsf3.o)
                0x000013e0                __subsf3
                0x000013e2                __addsf3
 .text.avr-libc.fplib
                0x000013ee       0xcc c:/arduino-1.8.19/hardware/tools/avr/bin/../lib/gcc/avr/7.3.0/../../../../avr/lib/avr5\libm.a(addsf3x.o)
                0x00001410                __addsf3x
 .text.avr-libc.fplib
                0x000014ba        0xe c:/arduino-1.8.19/hardware/tools/avr/bin/../lib/gcc/avr/7.3.0/../../../../avr/lib/avr5\libm.a(fixsfsi.o)
                0x000014ba                __fixsfsi
 .text.avr-libc.fplib
                0x000014c8       0x5e c:/arduino-1.8.19/hardware/tools/avr/bin/../lib/gcc/avr/7.3.0/../../../../avr/lib/avr5\libm.a(fixunssfsi.o)
                0x000014c8                __fixunssfsi
 .text.avr-libc.fplib
                0x00001526       0x7a c:/arduino-1.8.19/hardware/tools/avr/bin/../lib/gcc/avr/7.3.0/../../../../avr/lib/avr5\libm.a(floatsisf.o)
                0x00001526                __floatunsisf
                0x0000152a                __floatsisf
 .text.avr-libc.fplib
                0x000015a0        0xc c:/arduino-1.8.19/hardware/tools/avr/bin/../lib/gcc/avr/7.3.0/../../../../avr/lib/avr5\libm.a(fp_inf.o)
                0x000015a0                __fp_inf
 .text.avr-libc.fplib
                0x000015ac        0x6 c:/arduino-1.8.19/hardware/tools/avr/bin/../lib/gcc/avr/7.3.0/../../../../avr/lib/avr5\libm.a(fp_nan.o)
                0x000015ac                __fp_nan
 .text.avr-libc.fplib
                0x000015b2        0xe c:/arduino-1.8.19/hardware/tools/avr/bin/../lib/gcc/avr/7.3.0/../../../../avr/lib/avr5\libm.a(fp_pscA.o)
                0x000015b2                __fp_pscA
 .text.avr-libc.fplib
                0x000015c0        0xe c:/arduino-1.8.19/hardware/tools/avr/bin/../lib/gcc/avr/7.3.0/../../../../avr/lib/avr5\libm.a(fp_pscB.o)
                0x000015c0                __fp_pscB
 .text.avr-libc.fplib
                0x000015ce       0x22 c:/arduino-1.8.19/hardware/tools/avr/bin/../lib/gcc/avr/7.3.0/../../../../avr/lib/avr5\libm.a(fp_round.o)
                0x000015ce                __fp_round
 .text.avr-libc.fplib
                0x000015f0       0x44 c:/arduino-1.8.19/hardware/tools/avr/bin/../lib/gcc/avr/7.3.0/../../../../avr/lib/avr5\libm.a(fp_split3.o)
                0x000015f0                __fp_split3
                0x00001600                __fp_splitA
 .text.avr-libc.fplib
                0x00001634        0xe c:/arduino-1.8.19/hardware/tools/avr/bin/../lib/gcc/avr/7.3.0/../../../../avr/lib/avr5\libm.a(fp_zero.o)
                0x00001634                __fp_zero
                0x00001636                __fp_szero
 .text.avr-libc.fplib
                0x00001642        0x8 c:/arduino-1.8.19/hardware/tools/avr/bin/../lib/gcc/avr/7.3.0/../../../../avr/lib/avr5\libm.a(mulsf3.o)
                0x00001642                __mulsf3
 .text.avr-libc.fplib
                0x0000164a       0xd2 c:/arduino-1.8.19/hardware/tools/avr/bin/../lib/gcc/avr/7.3.0/../../../../avr/lib/avr5\libm.a(mulsf3x.o)
                0x00001668                __mulsf3x
                0x0000166e                __mulsf3_pse
                0x0000171c                . = ALIGN (0x2)
 *(.fini9)
 .fini9         0x0000171c        0x0 c:/arduino-1.8.19/hardware/tools/avr/bin/../lib/gcc/avr/7.3.0/avr5\libgcc.a(_exit.o)
                0x0000171c                _exit
                0x0000171c                exit
 *(.fini9)
 *(.fini8)
 *(.fini8)
 *(.fini7)
 *(.fini7)
 *(.fini6)
 *(.fini6)
 *(.fini5)
 *(.fini5)
 *(.fini4)
 *(.fini4)
 *(.fini3)
 *(.fini3)
 *(.fini2)
 *(.fini2)
 *(.fini1)
 *(.fini1)
 *(.fini0)
 .fini0         0x0000171c        0x4 c:/arduino-1.8.19/hardware/tools/avr/bin/../lib/gcc/avr/7.3.0/avr5\libgcc.a(_exit.o)
 *(.fini0)
                0x00001720                _etext = .

.data           0x00800100      0x128 load address 0x00001720
                0x00800100                PROVIDE (__data_start, .)
 *(.data)
 .data          0x00800100        0x0 c:/arduino-1.8.19/hardware/tools/avr/bin/../lib/gcc/avr/7.3.0/../../../../avr/lib/avr5/crtatmega328p.o
 .data          0x00800100        0x0 robocarChatGPT.o
 .data          0x00800100        0x0 C:\RTprog2023\obj\hal_robo.o
 .data          0x00800100      0x108 C:\RTprog2023\obj\kernel.o
                0x00800100                OSUnMapTbl
                0x00800200                OSMapTbl
 .data          0x00800208        0x0 c:/arduino-1.8.19/hardware/tools/avr/bin/../lib/gcc/avr/7.3.0/avr5\libgcc.a(_udivmodhi4.o)
 .data          0x00800208        0x0 c:/arduino-1.8.19/hardware/tools/avr/bin/../lib/gcc/avr/7.3.0/avr5\libgcc.a(_divmodhi4.o)
 .data          0x00800208        0x0 c:/arduino-1.8.19/hardware/tools/avr/bin/../lib/gcc/avr/7.3.0/avr5\libgcc.a(_udivmodsi4.o)
 .data          0x00800208        0x0 c:/arduino-1.8.19/hardware/tools/avr/bin/../lib/gcc/avr/7.3.0/avr5\libgcc.a(_exit.o)
 .data          0x00800208        0x0 c:/arduino-1.8.19/hardware/tools/avr/bin/../lib/gcc/avr/7.3.0/avr5\libgcc.a(_copy_data.o)
 .data          0x00800208        0x0 c:/arduino-1.8.19/hardware/tools/avr/bin/../lib/gcc/avr/7.3.0/avr5\libgcc.a(_clear_bss.o)
 .data          0x00800208        0x0 c:/arduino-1.8.19/hardware/tools/avr/bin/../lib/gcc/avr/7.3.0/avr5\libgcc.a(_umulhisi3.o)
 .data          0x00800208        0x0 c:/arduino-1.8.19/hardware/tools/avr/bin/../lib/gcc/avr/7.3.0/avr5\libgcc.a(_muluhisi3.o)
 .data          0x00800208        0x0 c:/arduino-1.8.19/hardware/tools/avr/bin/../lib/gcc/avr/7.3.0/../../../../avr/lib/avr5\libm.a(addsf3.o)
 .data          0x00800208        0x0 c:/arduino-1.8.19/hardware/tools/avr/bin/../lib/gcc/avr/7.3.0/../../../../avr/lib/avr5\libm.a(addsf3x.o)
 .data          0x00800208        0x0 c:/arduino-1.8.19/hardware/tools/avr/bin/../lib/gcc/avr/7.3.0/../../../../avr/lib/avr5\libm.a(fixsfsi.o)
 .data          0x00800208        0x0 c:/arduino-1.8.19/hardware/tools/avr/bin/../lib/gcc/avr/7.3.0/../../../../avr/lib/avr5\libm.a(fixunssfsi.o)
 .data          0x00800208        0x0 c:/arduino-1.8.19/hardware/tools/avr/bin/../lib/gcc/avr/7.3.0/../../../../avr/lib/avr5\libm.a(floatsisf.o)
 .data          0x00800208        0x0 c:/arduino-1.8.19/hardware/tools/avr/bin/../lib/gcc/avr/7.3.0/../../../../avr/lib/avr5\libm.a(fp_inf.o)
 .data          0x00800208        0x0 c:/arduino-1.8.19/hardware/tools/avr/bin/../lib/gcc/avr/7.3.0/../../../../avr/lib/avr5\libm.a(fp_nan.o)
 .data          0x00800208        0x0 c:/arduino-1.8.19/hardware/tools/avr/bin/../lib/gcc/avr/7.3.0/../../../../avr/lib/avr5\libm.a(fp_pscA.o)
 .data          0x00800208        0x0 c:/arduino-1.8.19/hardware/tools/avr/bin/../lib/gcc/avr/7.3.0/../../../../avr/lib/avr5\libm.a(fp_pscB.o)
 .data          0x00800208        0x0 c:/arduino-1.8.19/hardware/tools/avr/bin/../lib/gcc/avr/7.3.0/../../../../avr/lib/avr5\libm.a(fp_round.o)
 .data          0x00800208        0x0 c:/arduino-1.8.19/hardware/tools/avr/bin/../lib/gcc/avr/7.3.0/../../../../avr/lib/avr5\libm.a(fp_split3.o)
 .data          0x00800208        0x0 c:/arduino-1.8.19/hardware/tools/avr/bin/../lib/gcc/avr/7.3.0/../../../../avr/lib/avr5\libm.a(fp_zero.o)
 .data          0x00800208        0x0 c:/arduino-1.8.19/hardware/tools/avr/bin/../lib/gcc/avr/7.3.0/../../../../avr/lib/avr5\libm.a(mulsf3.o)
 .data          0x00800208        0x0 c:/arduino-1.8.19/hardware/tools/avr/bin/../lib/gcc/avr/7.3.0/../../../../avr/lib/avr5\libm.a(mulsf3x.o)
 *(.data*)
 *(.gnu.linkonce.d*)
 *(.rodata)
 .rodata        0x00800208        0xe robocarChatGPT.o
 .rodata        0x00800216       0x11 C:\RTprog2023\obj\hal_robo.o
 *(.rodata*)
 *(.gnu.linkonce.r*)
                0x00800228                . = ALIGN (0x2)
 *fill*         0x00800227        0x1 
                0x00800228                _edata = .
                0x00800228                PROVIDE (__data_end, .)

.bss            0x00800228      0x3a7
                0x00800228                PROVIDE (__bss_start, .)
 *(.bss)
 .bss           0x00800228        0x0 c:/arduino-1.8.19/hardware/tools/avr/bin/../lib/gcc/avr/7.3.0/../../../../avr/lib/avr5/crtatmega328p.o
 .bss           0x00800228        0x0 robocarChatGPT.o
 .bss           0x00800228        0x0 C:\RTprog2023\obj\hal_robo.o
 .bss           0x00800228        0x0 C:\RTprog2023\obj\kernel.o
 .bss           0x00800228        0x0 c:/arduino-1.8.19/hardware/tools/avr/bin/../lib/gcc/avr/7.3.0/avr5\libgcc.a(_udivmodhi4.o)
 .bss           0x00800228        0x0 c:/arduino-1.8.19/hardware/tools/avr/bin/../lib/gcc/avr/7.3.0/avr5\libgcc.a(_divmodhi4.o)
 .bss           0x00800228        0x0 c:/arduino-1.8.19/hardware/tools/avr/bin/../lib/gcc/avr/7.3.0/avr5\libgcc.a(_udivmodsi4.o)
 .bss           0x00800228        0x0 c:/arduino-1.8.19/hardware/tools/avr/bin/../lib/gcc/avr/7.3.0/avr5\libgcc.a(_exit.o)
 .bss           0x00800228        0x0 c:/arduino-1.8.19/hardware/tools/avr/bin/../lib/gcc/avr/7.3.0/avr5\libgcc.a(_copy_data.o)
 .bss           0x00800228        0x0 c:/arduino-1.8.19/hardware/tools/avr/bin/../lib/gcc/avr/7.3.0/avr5\libgcc.a(_clear_bss.o)
 .bss           0x00800228        0x0 c:/arduino-1.8.19/hardware/tools/avr/bin/../lib/gcc/avr/7.3.0/avr5\libgcc.a(_umulhisi3.o)
 .bss           0x00800228        0x0 c:/arduino-1.8.19/hardware/tools/avr/bin/../lib/gcc/avr/7.3.0/avr5\libgcc.a(_muluhisi3.o)
 .bss           0x00800228        0x0 c:/arduino-1.8.19/hardware/tools/avr/bin/../lib/gcc/avr/7.3.0/../../../../avr/lib/avr5\libm.a(addsf3.o)
 .bss           0x00800228        0x0 c:/arduino-1.8.19/hardware/tools/avr/bin/../lib/gcc/avr/7.3.0/../../../../avr/lib/avr5\libm.a(addsf3x.o)
 .bss           0x00800228        0x0 c:/arduino-1.8.19/hardware/tools/avr/bin/../lib/gcc/avr/7.3.0/../../../../avr/lib/avr5\libm.a(fixsfsi.o)
 .bss           0x00800228        0x0 c:/arduino-1.8.19/hardware/tools/avr/bin/../lib/gcc/avr/7.3.0/../../../../avr/lib/avr5\libm.a(fixunssfsi.o)
 .bss           0x00800228        0x0 c:/arduino-1.8.19/hardware/tools/avr/bin/../lib/gcc/avr/7.3.0/../../../../avr/lib/avr5\libm.a(floatsisf.o)
 .bss           0x00800228        0x0 c:/arduino-1.8.19/hardware/tools/avr/bin/../lib/gcc/avr/7.3.0/../../../../avr/lib/avr5\libm.a(fp_inf.o)
 .bss           0x00800228        0x0 c:/arduino-1.8.19/hardware/tools/avr/bin/../lib/gcc/avr/7.3.0/../../../../avr/lib/avr5\libm.a(fp_nan.o)
 .bss           0x00800228        0x0 c:/arduino-1.8.19/hardware/tools/avr/bin/../lib/gcc/avr/7.3.0/../../../../avr/lib/avr5\libm.a(fp_pscA.o)
 .bss           0x00800228        0x0 c:/arduino-1.8.19/hardware/tools/avr/bin/../lib/gcc/avr/7.3.0/../../../../avr/lib/avr5\libm.a(fp_pscB.o)
 .bss           0x00800228        0x0 c:/arduino-1.8.19/hardware/tools/avr/bin/../lib/gcc/avr/7.3.0/../../../../avr/lib/avr5\libm.a(fp_round.o)
 .bss           0x00800228        0x0 c:/arduino-1.8.19/hardware/tools/avr/bin/../lib/gcc/avr/7.3.0/../../../../avr/lib/avr5\libm.a(fp_split3.o)
 .bss           0x00800228        0x0 c:/arduino-1.8.19/hardware/tools/avr/bin/../lib/gcc/avr/7.3.0/../../../../avr/lib/avr5\libm.a(fp_zero.o)
 .bss           0x00800228        0x0 c:/arduino-1.8.19/hardware/tools/avr/bin/../lib/gcc/avr/7.3.0/../../../../avr/lib/avr5\libm.a(mulsf3.o)
 .bss           0x00800228        0x0 c:/arduino-1.8.19/hardware/tools/avr/bin/../lib/gcc/avr/7.3.0/../../../../avr/lib/avr5\libm.a(mulsf3x.o)
 *(.bss*)
 *(COMMON)
 COMMON         0x00800228      0x223 robocarChatGPT.o
                0x00800228                ChkCollideStk
                0x008002a8                myrobot
                0x008002cb                CtrlmotorStk
                0x0080034b                TaskStartStk
                0x008003cb                NavigStk
 COMMON         0x0080044b        0x8 C:\RTprog2023\obj\hal_robo.o
                0x0080044b                rightWst
                0x0080044f                leftWst
 COMMON         0x00800453      0x17c C:\RTprog2023\obj\kernel.o
                0x00800453                OSLockNesting
                0x00800454                OSRunning
                0x00800455                OSIdleCtr
                0x00800459                OSPrioHighRdy
                0x0080045a                OSPrioCur
                0x0080045b                OSTCBList
                0x0080045d                OSCtxSwCtr
                0x00800461                OSTCBFreeList
                0x00800463                OSTaskCtr
                0x00800464                OSTCBHighRdy
                0x00800466                OSRdyGrp
                0x00800467                OSRdyTbl
                0x0080046a                OSIntExitY
                0x0080046b                OSIntNesting
                0x0080046c                OSTCBCur
                0x0080046e                OSTaskIdleStk
                0x008004ae                OSTCBTbl
                0x008005ad                OSTCBPrioTbl
                0x008005cf                PROVIDE (__bss_end, .)
                0x00001720                __data_load_start = LOADADDR (.data)
                0x00001848                __data_load_end = (__data_load_start + SIZEOF (.data))

.noinit         0x008005cf        0x0
                [!provide]                PROVIDE (__noinit_start, .)
 *(.noinit*)
                [!provide]                PROVIDE (__noinit_end, .)
                0x008005cf                _end = .
                [!provide]                PROVIDE (__heap_start, .)

.eeprom         0x00810000        0x0
 *(.eeprom*)
                0x00810000                __eeprom_end = .

.fuse
 *(.fuse)
 *(.lfuse)
 *(.hfuse)
 *(.efuse)

.lock
 *(.lock*)

.signature
 *(.signature*)

.user_signatures
 *(.user_signatures*)

.stab
 *(.stab)

.stabstr
 *(.stabstr)

.stab.excl
 *(.stab.excl)

.stab.exclstr
 *(.stab.exclstr)

.stab.index
 *(.stab.index)

.stab.indexstr
 *(.stab.indexstr)

.comment        0x00000000       0x11
 *(.comment)
 .comment       0x00000000       0x11 robocarChatGPT.o
                                 0x12 (size before relaxing)
 .comment       0x00000011       0x12 C:\RTprog2023\obj\hal_robo.o
 .comment       0x00000011       0x24 C:\RTprog2023\obj\kernel.o

.note.gnu.avr.deviceinfo
                0x00000000       0x40
 .note.gnu.avr.deviceinfo
                0x00000000       0x40 c:/arduino-1.8.19/hardware/tools/avr/bin/../lib/gcc/avr/7.3.0/../../../../avr/lib/avr5/crtatmega328p.o

.note.gnu.build-id
 *(.note.gnu.build-id)

.debug
 *(.debug)

.line
 *(.line)

.debug_srcinfo
 *(.debug_srcinfo)

.debug_sfnames
 *(.debug_sfnames)

.debug_aranges  0x00000000      0x148
 *(.debug_aranges)
 .debug_aranges
                0x00000000       0x28 robocarChatGPT.o
 .debug_aranges
                0x00000028       0x20 C:\RTprog2023\obj\kernel.o
 .debug_aranges
                0x00000048       0x20 c:/arduino-1.8.19/hardware/tools/avr/bin/../lib/gcc/avr/7.3.0/avr5\libgcc.a(_udivmodhi4.o)
 .debug_aranges
                0x00000068       0x20 c:/arduino-1.8.19/hardware/tools/avr/bin/../lib/gcc/avr/7.3.0/avr5\libgcc.a(_divmodhi4.o)
 .debug_aranges
                0x00000088       0x20 c:/arduino-1.8.19/hardware/tools/avr/bin/../lib/gcc/avr/7.3.0/avr5\libgcc.a(_udivmodsi4.o)
 .debug_aranges
                0x000000a8       0x20 c:/arduino-1.8.19/hardware/tools/avr/bin/../lib/gcc/avr/7.3.0/avr5\libgcc.a(_exit.o)
 .debug_aranges
                0x000000c8       0x20 c:/arduino-1.8.19/hardware/tools/avr/bin/../lib/gcc/avr/7.3.0/avr5\libgcc.a(_copy_data.o)
 .debug_aranges
                0x000000e8       0x20 c:/arduino-1.8.19/hardware/tools/avr/bin/../lib/gcc/avr/7.3.0/avr5\libgcc.a(_clear_bss.o)
 .debug_aranges
                0x00000108       0x20 c:/arduino-1.8.19/hardware/tools/avr/bin/../lib/gcc/avr/7.3.0/avr5\libgcc.a(_umulhisi3.o)
 .debug_aranges
                0x00000128       0x20 c:/arduino-1.8.19/hardware/tools/avr/bin/../lib/gcc/avr/7.3.0/avr5\libgcc.a(_muluhisi3.o)

.debug_pubnames
 *(.debug_pubnames)

.debug_info     0x00000000     0x15cf
 *(.debug_info .gnu.linkonce.wi.*)
 .debug_info    0x00000000      0x5f4 c:/arduino-1.8.19/hardware/tools/avr/bin/../lib/gcc/avr/7.3.0/../../../../avr/lib/avr5/crtatmega328p.o
 .debug_info    0x000005f4      0x97a robocarChatGPT.o
 .debug_info    0x00000f6e       0x89 C:\RTprog2023\obj\kernel.o
 .debug_info    0x00000ff7       0xbb c:/arduino-1.8.19/hardware/tools/avr/bin/../lib/gcc/avr/7.3.0/avr5\libgcc.a(_udivmodhi4.o)
 .debug_info    0x000010b2       0xbb c:/arduino-1.8.19/hardware/tools/avr/bin/../lib/gcc/avr/7.3.0/avr5\libgcc.a(_divmodhi4.o)
 .debug_info    0x0000116d       0xbb c:/arduino-1.8.19/hardware/tools/avr/bin/../lib/gcc/avr/7.3.0/avr5\libgcc.a(_udivmodsi4.o)
 .debug_info    0x00001228       0xbb c:/arduino-1.8.19/hardware/tools/avr/bin/../lib/gcc/avr/7.3.0/avr5\libgcc.a(_exit.o)
 .debug_info    0x000012e3       0xbb c:/arduino-1.8.19/hardware/tools/avr/bin/../lib/gcc/avr/7.3.0/avr5\libgcc.a(_copy_data.o)
 .debug_info    0x0000139e       0xbb c:/arduino-1.8.19/hardware/tools/avr/bin/../lib/gcc/avr/7.3.0/avr5\libgcc.a(_clear_bss.o)
 .debug_info    0x00001459       0xbb c:/arduino-1.8.19/hardware/tools/avr/bin/../lib/gcc/avr/7.3.0/avr5\libgcc.a(_umulhisi3.o)
 .debug_info    0x00001514       0xbb c:/arduino-1.8.19/hardware/tools/avr/bin/../lib/gcc/avr/7.3.0/avr5\libgcc.a(_muluhisi3.o)

.debug_abbrev   0x00000000      0x8b4
 *(.debug_abbrev)
 .debug_abbrev  0x00000000      0x5a2 c:/arduino-1.8.19/hardware/tools/avr/bin/../lib/gcc/avr/7.3.0/../../../../avr/lib/avr5/crtatmega328p.o
 .debug_abbrev  0x000005a2      0x25e robocarChatGPT.o
 .debug_abbrev  0x00000800       0x14 C:\RTprog2023\obj\kernel.o
 .debug_abbrev  0x00000814       0x14 c:/arduino-1.8.19/hardware/tools/avr/bin/../lib/gcc/avr/7.3.0/avr5\libgcc.a(_udivmodhi4.o)
 .debug_abbrev  0x00000828       0x14 c:/arduino-1.8.19/hardware/tools/avr/bin/../lib/gcc/avr/7.3.0/avr5\libgcc.a(_divmodhi4.o)
 .debug_abbrev  0x0000083c       0x14 c:/arduino-1.8.19/hardware/tools/avr/bin/../lib/gcc/avr/7.3.0/avr5\libgcc.a(_udivmodsi4.o)
 .debug_abbrev  0x00000850       0x14 c:/arduino-1.8.19/hardware/tools/avr/bin/../lib/gcc/avr/7.3.0/avr5\libgcc.a(_exit.o)
 .debug_abbrev  0x00000864       0x14 c:/arduino-1.8.19/hardware/tools/avr/bin/../lib/gcc/avr/7.3.0/avr5\libgcc.a(_copy_data.o)
 .debug_abbrev  0x00000878       0x14 c:/arduino-1.8.19/hardware/tools/avr/bin/../lib/gcc/avr/7.3.0/avr5\libgcc.a(_clear_bss.o)
 .debug_abbrev  0x0000088c       0x14 c:/arduino-1.8.19/hardware/tools/avr/bin/../lib/gcc/avr/7.3.0/avr5\libgcc.a(_umulhisi3.o)
 .debug_abbrev  0x000008a0       0x14 c:/arduino-1.8.19/hardware/tools/avr/bin/../lib/gcc/avr/7.3.0/avr5\libgcc.a(_muluhisi3.o)

.debug_line     0x00000000      0xa40
 *(.debug_line .debug_line.* .debug_line_end)
 .debug_line    0x00000000       0x1a c:/arduino-1.8.19/hardware/tools/avr/bin/../lib/gcc/avr/7.3.0/../../../../avr/lib/avr5/crtatmega328p.o
 .debug_line    0x0000001a      0x2bf robocarChatGPT.o
 .debug_line    0x000002d9      0x1ed C:\RTprog2023\obj\kernel.o
 .debug_line    0x000004c6       0xce c:/arduino-1.8.19/hardware/tools/avr/bin/../lib/gcc/avr/7.3.0/avr5\libgcc.a(_udivmodhi4.o)
 .debug_line    0x00000594       0xc8 c:/arduino-1.8.19/hardware/tools/avr/bin/../lib/gcc/avr/7.3.0/avr5\libgcc.a(_divmodhi4.o)
 .debug_line    0x0000065c      0x122 c:/arduino-1.8.19/hardware/tools/avr/bin/../lib/gcc/avr/7.3.0/avr5\libgcc.a(_udivmodsi4.o)
 .debug_line    0x0000077e       0x62 c:/arduino-1.8.19/hardware/tools/avr/bin/../lib/gcc/avr/7.3.0/avr5\libgcc.a(_exit.o)
 .debug_line    0x000007e0       0x98 c:/arduino-1.8.19/hardware/tools/avr/bin/../lib/gcc/avr/7.3.0/avr5\libgcc.a(_copy_data.o)
 .debug_line    0x00000878       0x86 c:/arduino-1.8.19/hardware/tools/avr/bin/../lib/gcc/avr/7.3.0/avr5\libgcc.a(_clear_bss.o)
 .debug_line    0x000008fe       0xb0 c:/arduino-1.8.19/hardware/tools/avr/bin/../lib/gcc/avr/7.3.0/avr5\libgcc.a(_umulhisi3.o)
 .debug_line    0x000009ae       0x92 c:/arduino-1.8.19/hardware/tools/avr/bin/../lib/gcc/avr/7.3.0/avr5\libgcc.a(_muluhisi3.o)

.debug_frame    0x00000000       0xc8
 *(.debug_frame)
 .debug_frame   0x00000000       0xc8 robocarChatGPT.o

.debug_str      0x00000000      0x6c2
 *(.debug_str)
 .debug_str     0x00000000      0x208 c:/arduino-1.8.19/hardware/tools/avr/bin/../lib/gcc/avr/7.3.0/../../../../avr/lib/avr5/crtatmega328p.o
 .debug_str     0x00000208      0x4ba robocarChatGPT.o
                                0x503 (size before relaxing)

.debug_loc      0x00000000      0x28c
 *(.debug_loc)
 .debug_loc     0x00000000      0x28c robocarChatGPT.o

.debug_macinfo
 *(.debug_macinfo)

.debug_weaknames
 *(.debug_weaknames)

.debug_funcnames
 *(.debug_funcnames)

.debug_typenames
 *(.debug_typenames)

.debug_varnames
 *(.debug_varnames)

.debug_pubtypes
 *(.debug_pubtypes)

.debug_ranges   0x00000000       0x18
 *(.debug_ranges)
 .debug_ranges  0x00000000       0x18 robocarChatGPT.o

.debug_macro
 *(.debug_macro)
OUTPUT(robocarChatGPT.elf elf32-avr)
LOAD linker stubs
